Analysis & Synthesis report for blockGame
Fri Dec 06 13:41:27 2019
Quartus Prime Version 16.1.0 Build 196 10/24/2016 SJ Lite Edition


---------------------
; Table of Contents ;
---------------------
  1. Legal Notice
  2. Analysis & Synthesis Summary
  3. Analysis & Synthesis Settings
  4. Parallel Compilation
  5. Analysis & Synthesis Source Files Read
  6. Analysis & Synthesis Resource Usage Summary
  7. Analysis & Synthesis Resource Utilization by Entity
  8. State Machine - |blockGame|collision:WL|S
  9. State Machine - |blockGame|player_movement:move|S
 10. Registers Removed During Synthesis
 11. General Register Statistics
 12. Multiplexer Restructuring Statistics (Restructuring Performed)
 13. Post-Synthesis Netlist Statistics for Top Partition
 14. Elapsed Time Per Partition
 15. Analysis & Synthesis Messages
 16. Analysis & Synthesis Suppressed Messages



----------------
; Legal Notice ;
----------------
Copyright (C) 2016  Intel Corporation. All rights reserved.
Your use of Intel Corporation's design tools, logic functions 
and other software and tools, and its AMPP partner logic 
functions, and any output files from any of the foregoing 
(including device programming or simulation files), and any 
associated documentation or information are expressly subject 
to the terms and conditions of the Intel Program License 
Subscription Agreement, the Intel Quartus Prime License Agreement,
the Intel MegaCore Function License Agreement, or other 
applicable license agreement, including, without limitation, 
that your use is for the sole purpose of programming logic 
devices manufactured by Intel and sold by Intel or its 
authorized distributors.  Please refer to the applicable 
agreement for further details.



+----------------------------------------------------------------------------------+
; Analysis & Synthesis Summary                                                     ;
+------------------------------------+---------------------------------------------+
; Analysis & Synthesis Status        ; Successful - Fri Dec 06 13:41:27 2019       ;
; Quartus Prime Version              ; 16.1.0 Build 196 10/24/2016 SJ Lite Edition ;
; Revision Name                      ; blockGame                                   ;
; Top-level Entity Name              ; blockGame                                   ;
; Family                             ; Cyclone IV E                                ;
; Total logic elements               ; 1,771                                       ;
;     Total combinational functions  ; 1,746                                       ;
;     Dedicated logic registers      ; 408                                         ;
; Total registers                    ; 408                                         ;
; Total pins                         ; 36                                          ;
; Total virtual pins                 ; 0                                           ;
; Total memory bits                  ; 0                                           ;
; Embedded Multiplier 9-bit elements ; 0                                           ;
; Total PLLs                         ; 0                                           ;
+------------------------------------+---------------------------------------------+


+----------------------------------------------------------------------------------------------------------------------+
; Analysis & Synthesis Settings                                                                                        ;
+----------------------------------------------------------------------------+--------------------+--------------------+
; Option                                                                     ; Setting            ; Default Value      ;
+----------------------------------------------------------------------------+--------------------+--------------------+
; Device                                                                     ; EP4CE115F29C7      ;                    ;
; Top-level entity name                                                      ; blockGame          ; blockGame          ;
; Family name                                                                ; Cyclone IV E       ; Cyclone V          ;
; Use smart compilation                                                      ; Off                ; Off                ;
; Enable parallel Assembler and TimeQuest Timing Analyzer during compilation ; On                 ; On                 ;
; Enable compact report table                                                ; Off                ; Off                ;
; Restructure Multiplexers                                                   ; Auto               ; Auto               ;
; Create Debugging Nodes for IP Cores                                        ; Off                ; Off                ;
; Preserve fewer node names                                                  ; On                 ; On                 ;
; OpenCore Plus hardware evaluation                                          ; Enable             ; Enable             ;
; Verilog Version                                                            ; Verilog_2001       ; Verilog_2001       ;
; VHDL Version                                                               ; VHDL_1993          ; VHDL_1993          ;
; State Machine Processing                                                   ; Auto               ; Auto               ;
; Safe State Machine                                                         ; Off                ; Off                ;
; Extract Verilog State Machines                                             ; On                 ; On                 ;
; Extract VHDL State Machines                                                ; On                 ; On                 ;
; Ignore Verilog initial constructs                                          ; Off                ; Off                ;
; Iteration limit for constant Verilog loops                                 ; 5000               ; 5000               ;
; Iteration limit for non-constant Verilog loops                             ; 250                ; 250                ;
; Add Pass-Through Logic to Inferred RAMs                                    ; On                 ; On                 ;
; Infer RAMs from Raw Logic                                                  ; On                 ; On                 ;
; Parallel Synthesis                                                         ; On                 ; On                 ;
; DSP Block Balancing                                                        ; Auto               ; Auto               ;
; NOT Gate Push-Back                                                         ; On                 ; On                 ;
; Power-Up Don't Care                                                        ; On                 ; On                 ;
; Remove Redundant Logic Cells                                               ; Off                ; Off                ;
; Remove Duplicate Registers                                                 ; On                 ; On                 ;
; Ignore CARRY Buffers                                                       ; Off                ; Off                ;
; Ignore CASCADE Buffers                                                     ; Off                ; Off                ;
; Ignore GLOBAL Buffers                                                      ; Off                ; Off                ;
; Ignore ROW GLOBAL Buffers                                                  ; Off                ; Off                ;
; Ignore LCELL Buffers                                                       ; Off                ; Off                ;
; Ignore SOFT Buffers                                                        ; On                 ; On                 ;
; Limit AHDL Integers to 32 Bits                                             ; Off                ; Off                ;
; Optimization Technique                                                     ; Balanced           ; Balanced           ;
; Carry Chain Length                                                         ; 70                 ; 70                 ;
; Auto Carry Chains                                                          ; On                 ; On                 ;
; Auto Open-Drain Pins                                                       ; On                 ; On                 ;
; Perform WYSIWYG Primitive Resynthesis                                      ; Off                ; Off                ;
; Auto ROM Replacement                                                       ; On                 ; On                 ;
; Auto RAM Replacement                                                       ; On                 ; On                 ;
; Auto DSP Block Replacement                                                 ; On                 ; On                 ;
; Auto Shift Register Replacement                                            ; Auto               ; Auto               ;
; Allow Shift Register Merging across Hierarchies                            ; Auto               ; Auto               ;
; Auto Clock Enable Replacement                                              ; On                 ; On                 ;
; Strict RAM Replacement                                                     ; Off                ; Off                ;
; Allow Synchronous Control Signals                                          ; On                 ; On                 ;
; Force Use of Synchronous Clear Signals                                     ; Off                ; Off                ;
; Auto RAM Block Balancing                                                   ; On                 ; On                 ;
; Auto RAM to Logic Cell Conversion                                          ; Off                ; Off                ;
; Auto Resource Sharing                                                      ; Off                ; Off                ;
; Allow Any RAM Size For Recognition                                         ; Off                ; Off                ;
; Allow Any ROM Size For Recognition                                         ; Off                ; Off                ;
; Allow Any Shift Register Size For Recognition                              ; Off                ; Off                ;
; Use LogicLock Constraints during Resource Balancing                        ; On                 ; On                 ;
; Ignore translate_off and synthesis_off directives                          ; Off                ; Off                ;
; Timing-Driven Synthesis                                                    ; On                 ; On                 ;
; Report Parameter Settings                                                  ; On                 ; On                 ;
; Report Source Assignments                                                  ; On                 ; On                 ;
; Report Connectivity Checks                                                 ; On                 ; On                 ;
; Ignore Maximum Fan-Out Assignments                                         ; Off                ; Off                ;
; Synchronization Register Chain Length                                      ; 2                  ; 2                  ;
; PowerPlay Power Optimization During Synthesis                              ; Normal compilation ; Normal compilation ;
; HDL message level                                                          ; Level2             ; Level2             ;
; Suppress Register Optimization Related Messages                            ; Off                ; Off                ;
; Number of Removed Registers Reported in Synthesis Report                   ; 5000               ; 5000               ;
; Number of Swept Nodes Reported in Synthesis Report                         ; 5000               ; 5000               ;
; Number of Inverted Registers Reported in Synthesis Report                  ; 100                ; 100                ;
; Clock MUX Protection                                                       ; On                 ; On                 ;
; Auto Gated Clock Conversion                                                ; Off                ; Off                ;
; Block Design Naming                                                        ; Auto               ; Auto               ;
; SDC constraint protection                                                  ; Off                ; Off                ;
; Synthesis Effort                                                           ; Auto               ; Auto               ;
; Shift Register Replacement - Allow Asynchronous Clear Signal               ; On                 ; On                 ;
; Pre-Mapping Resynthesis Optimization                                       ; Off                ; Off                ;
; Analysis & Synthesis Message Level                                         ; Medium             ; Medium             ;
; Disable Register Merging Across Hierarchies                                ; Auto               ; Auto               ;
; Resource Aware Inference For Block RAM                                     ; On                 ; On                 ;
+----------------------------------------------------------------------------+--------------------+--------------------+


+------------------------------------------+
; Parallel Compilation                     ;
+----------------------------+-------------+
; Processors                 ; Number      ;
+----------------------------+-------------+
; Number detected on machine ; 8           ;
; Maximum allowed            ; 4           ;
;                            ;             ;
; Average used               ; 1.00        ;
; Maximum used               ; 4           ;
;                            ;             ;
; Usage by Processor         ; % Time Used ;
;     Processor 1            ; 100.0%      ;
;     Processor 2            ;   0.0%      ;
;     Processor 3            ;   0.0%      ;
;     Processor 4            ;   0.0%      ;
+----------------------------+-------------+


+-----------------------------------------------------------------------------------------------------------------------------------+
; Analysis & Synthesis Source Files Read                                                                                            ;
+----------------------------------+-----------------+------------------------------+-------------------------------------+---------+
; File Name with User-Entered Path ; Used in Netlist ; File Type                    ; File Name with Absolute Path        ; Library ;
+----------------------------------+-----------------+------------------------------+-------------------------------------+---------+
; blockGame.v                      ; yes             ; User Verilog HDL File        ; M:/ECE-287/Final/blockGame.v        ;         ;
; level0_generator.v               ; yes             ; User Verilog HDL File        ; M:/ECE-287/Final/level0_generator.v ;         ;
; level1_generator.v               ; yes             ; User Verilog HDL File        ; M:/ECE-287/Final/level1_generator.v ;         ;
; level2_generator.v               ; yes             ; User Verilog HDL File        ; M:/ECE-287/Final/level2_generator.v ;         ;
; clock_converter.v                ; yes             ; User Verilog HDL File        ; M:/ECE-287/Final/clock_converter.v  ;         ;
; collision.v                      ; yes             ; User Verilog HDL File        ; M:/ECE-287/Final/collision.v        ;         ;
; text.v                           ; yes             ; User Verilog HDL File        ; M:/ECE-287/Final/text.v             ;         ;
; VGA_Controller.v                 ; yes             ; User Verilog HDL File        ; M:/ECE-287/Final/VGA_Controller.v   ;         ;
; player_movement.v                ; yes             ; Auto-Found Verilog HDL File  ; M:/ECE-287/Final/player_movement.v  ;         ;
+----------------------------------+-----------------+------------------------------+-------------------------------------+---------+


+-----------------------------------------------------------------------------+
; Analysis & Synthesis Resource Usage Summary                                 ;
+---------------------------------------------+-------------------------------+
; Resource                                    ; Usage                         ;
+---------------------------------------------+-------------------------------+
; Estimated Total logic elements              ; 1,771                         ;
;                                             ;                               ;
; Total combinational functions               ; 1746                          ;
; Logic element usage by number of LUT inputs ;                               ;
;     -- 4 input functions                    ; 455                           ;
;     -- 3 input functions                    ; 644                           ;
;     -- <=2 input functions                  ; 647                           ;
;                                             ;                               ;
; Logic elements by mode                      ;                               ;
;     -- normal mode                          ; 879                           ;
;     -- arithmetic mode                      ; 867                           ;
;                                             ;                               ;
; Total registers                             ; 408                           ;
;     -- Dedicated logic registers            ; 408                           ;
;     -- I/O registers                        ; 0                             ;
;                                             ;                               ;
; I/O pins                                    ; 36                            ;
;                                             ;                               ;
; Embedded Multiplier 9-bit elements          ; 0                             ;
;                                             ;                               ;
; Maximum fan-out node                        ; clock_converter:clocks|update ;
; Maximum fan-out                             ; 248                           ;
; Total fan-out                               ; 6182                          ;
; Average fan-out                             ; 2.78                          ;
+---------------------------------------------+-------------------------------+


+------------------------------------------------------------------------------------------------------------------------------------------------------------------------------------------------------------------------------+
; Analysis & Synthesis Resource Utilization by Entity                                                                                                                                                                          ;
+-----------------------------+---------------------+---------------------------+-------------+--------------+---------+-----------+------+--------------+-----------------------------------+------------------+--------------+
; Compilation Hierarchy Node  ; Combinational ALUTs ; Dedicated Logic Registers ; Memory Bits ; DSP Elements ; DSP 9x9 ; DSP 18x18 ; Pins ; Virtual Pins ; Full Hierarchy Name               ; Entity Name      ; Library Name ;
+-----------------------------+---------------------+---------------------------+-------------+--------------+---------+-----------+------+--------------+-----------------------------------+------------------+--------------+
; |blockGame                  ; 1746 (75)           ; 408 (45)                  ; 0           ; 0            ; 0       ; 0         ; 36   ; 0            ; |blockGame                        ; blockGame        ; work         ;
;    |VGA_Controller:VGA|     ; 56 (56)             ; 23 (23)                   ; 0           ; 0            ; 0       ; 0         ; 0    ; 0            ; |blockGame|VGA_Controller:VGA     ; VGA_Controller   ; work         ;
;    |clock_converter:clocks| ; 40 (40)             ; 25 (25)                   ; 0           ; 0            ; 0       ; 0         ; 0    ; 0            ; |blockGame|clock_converter:clocks ; clock_converter  ; work         ;
;    |collision:WL|           ; 8 (8)               ; 5 (5)                     ; 0           ; 0            ; 0       ; 0         ; 0    ; 0            ; |blockGame|collision:WL           ; collision        ; work         ;
;    |level0_generator:lv0|   ; 96 (96)             ; 22 (22)                   ; 0           ; 0            ; 0       ; 0         ; 0    ; 0            ; |blockGame|level0_generator:lv0   ; level0_generator ; work         ;
;    |level1_generator:lv1|   ; 616 (616)           ; 120 (120)                 ; 0           ; 0            ; 0       ; 0         ; 0    ; 0            ; |blockGame|level1_generator:lv1   ; level1_generator ; work         ;
;    |level2_generator:lv2|   ; 618 (618)           ; 116 (116)                 ; 0           ; 0            ; 0       ; 0         ; 0    ; 0            ; |blockGame|level2_generator:lv2   ; level2_generator ; work         ;
;    |player_movement:move|   ; 76 (76)             ; 21 (21)                   ; 0           ; 0            ; 0       ; 0         ; 0    ; 0            ; |blockGame|player_movement:move   ; player_movement  ; work         ;
;    |text:words|             ; 161 (161)           ; 31 (31)                   ; 0           ; 0            ; 0       ; 0         ; 0    ; 0            ; |blockGame|text:words             ; text             ; work         ;
+-----------------------------+---------------------+---------------------------+-------------+--------------+---------+-----------+------+--------------+-----------------------------------+------------------+--------------+
Note: For table entries with two numbers listed, the numbers in parentheses indicate the number of resources of the given type used by the specific entity alone. The numbers listed outside of parentheses indicate the total resources of the given type used by the specific entity and all of its sub-entities in the hierarchy.


Encoding Type:  One-Hot
+-------------------------------------------+
; State Machine - |blockGame|collision:WL|S ;
+--------+-------+--------+-----------------+
; Name   ; S.RUN ; S.LOSE ; S.WIN           ;
+--------+-------+--------+-----------------+
; S.RUN  ; 0     ; 0      ; 0               ;
; S.WIN  ; 1     ; 0      ; 1               ;
; S.LOSE ; 1     ; 1      ; 0               ;
+--------+-------+--------+-----------------+


Encoding Type:  One-Hot
+-----------------------------------------------------+
; State Machine - |blockGame|player_movement:move|S   ;
+---------+------+---------+--------+--------+--------+
; Name    ; S.UP ; S.RIGHT ; S.LEFT ; S.DOWN ; S.STAY ;
+---------+------+---------+--------+--------+--------+
; S.STAY  ; 0    ; 0       ; 0      ; 0      ; 0      ;
; S.DOWN  ; 0    ; 0       ; 0      ; 1      ; 1      ;
; S.LEFT  ; 0    ; 0       ; 1      ; 0      ; 1      ;
; S.RIGHT ; 0    ; 1       ; 0      ; 0      ; 1      ;
; S.UP    ; 1    ; 0       ; 0      ; 0      ; 1      ;
+---------+------+---------+--------+--------+--------+


+-------------------------------------------------------------------------------------------+
; Registers Removed During Synthesis                                                        ;
+-----------------------------------------+-------------------------------------------------+
; Register name                           ; Reason for Removal                              ;
+-----------------------------------------+-------------------------------------------------+
; text:words|wt_Y[0][2]                   ; Stuck at VCC due to stuck port data_in          ;
; text:words|wt_Y[0][1]                   ; Stuck at VCC due to stuck port data_in          ;
; text:words|wt_Y[0][0]                   ; Stuck at GND due to stuck port data_in          ;
; text:words|wt_X[0][3]                   ; Stuck at GND due to stuck port data_in          ;
; text:words|wt_X[0][2]                   ; Stuck at VCC due to stuck port data_in          ;
; text:words|wt_X[0][1]                   ; Stuck at VCC due to stuck port data_in          ;
; text:words|wt_X[0][0]                   ; Stuck at GND due to stuck port data_in          ;
; text:words|wt_Y[0][8]                   ; Stuck at GND due to stuck port data_in          ;
; text:words|wt_Y[0][7]                   ; Stuck at VCC due to stuck port data_in          ;
; text:words|wt_Y[0][6]                   ; Stuck at VCC due to stuck port data_in          ;
; text:words|wt_Y[0][5]                   ; Stuck at VCC due to stuck port data_in          ;
; text:words|wt_Y[0][4]                   ; Stuck at GND due to stuck port data_in          ;
; text:words|wt_Y[0][3]                   ; Stuck at GND due to stuck port data_in          ;
; text:words|wt_X[0][4]                   ; Stuck at GND due to stuck port data_in          ;
; text:words|wt_X[0][5]                   ; Stuck at VCC due to stuck port data_in          ;
; text:words|wt_X[0][6]                   ; Stuck at VCC due to stuck port data_in          ;
; text:words|wt_X[0][7]                   ; Stuck at VCC due to stuck port data_in          ;
; text:words|wt_X[0][8]                   ; Stuck at GND due to stuck port data_in          ;
; text:words|wt_X[0][9]                   ; Stuck at GND due to stuck port data_in          ;
; text:words|game_overY[0][0]             ; Stuck at GND due to stuck port data_in          ;
; text:words|game_overY[0][1]             ; Stuck at GND due to stuck port data_in          ;
; text:words|game_overY[0][2]             ; Stuck at GND due to stuck port data_in          ;
; text:words|game_overY[0][3]             ; Stuck at VCC due to stuck port data_in          ;
; text:words|game_overY[0][4]             ; Stuck at GND due to stuck port data_in          ;
; text:words|game_overY[0][5]             ; Stuck at GND due to stuck port data_in          ;
; text:words|game_overY[0][6]             ; Stuck at VCC due to stuck port data_in          ;
; text:words|game_overY[0][7]             ; Stuck at VCC due to stuck port data_in          ;
; text:words|game_overY[0][8]             ; Stuck at GND due to stuck port data_in          ;
; text:words|game_overX[0][0]             ; Stuck at GND due to stuck port data_in          ;
; text:words|game_overX[0][1]             ; Stuck at GND due to stuck port data_in          ;
; text:words|game_overX[0][2]             ; Stuck at GND due to stuck port data_in          ;
; text:words|game_overX[0][3]             ; Stuck at VCC due to stuck port data_in          ;
; text:words|game_overX[0][4]             ; Stuck at GND due to stuck port data_in          ;
; text:words|game_overX[0][5]             ; Stuck at GND due to stuck port data_in          ;
; text:words|game_overX[0][6]             ; Stuck at VCC due to stuck port data_in          ;
; text:words|game_overX[0][7]             ; Stuck at VCC due to stuck port data_in          ;
; text:words|game_overX[0][8]             ; Stuck at GND due to stuck port data_in          ;
; text:words|game_overX[0][9]             ; Stuck at GND due to stuck port data_in          ;
; level2_generator:lv2|blockSY[0][0]      ; Stuck at VCC due to stuck port data_in          ;
; level2_generator:lv2|blockH6Y[0][0]     ; Stuck at GND due to stuck port data_in          ;
; level2_generator:lv2|blockV5X[0][0]     ; Stuck at GND due to stuck port data_in          ;
; level2_generator:lv2|blockV5X[0][1]     ; Stuck at GND due to stuck port data_in          ;
; level2_generator:lv2|blockV5X[0][2]     ; Stuck at VCC due to stuck port data_in          ;
; level2_generator:lv2|blockV5X[0][3]     ; Stuck at VCC due to stuck port data_in          ;
; level2_generator:lv2|blockV5X[0][4]     ; Stuck at VCC due to stuck port data_in          ;
; level2_generator:lv2|blockV5X[0][5]     ; Stuck at GND due to stuck port data_in          ;
; level2_generator:lv2|blockV5X[0][6]     ; Stuck at GND due to stuck port data_in          ;
; level2_generator:lv2|blockV5X[0][7]     ; Stuck at GND due to stuck port data_in          ;
; level2_generator:lv2|blockV5X[0][8]     ; Stuck at GND due to stuck port data_in          ;
; level2_generator:lv2|blockV5X[0][9]     ; Stuck at VCC due to stuck port data_in          ;
; level2_generator:lv2|blockV4X[0][0]     ; Stuck at VCC due to stuck port data_in          ;
; level2_generator:lv2|blockV4X[0][1]     ; Stuck at GND due to stuck port data_in          ;
; level2_generator:lv2|blockV4X[0][2]     ; Stuck at GND due to stuck port data_in          ;
; level2_generator:lv2|blockV4X[0][3]     ; Stuck at VCC due to stuck port data_in          ;
; level2_generator:lv2|blockV4X[0][4]     ; Stuck at GND due to stuck port data_in          ;
; level2_generator:lv2|blockV4X[0][5]     ; Stuck at VCC due to stuck port data_in          ;
; level2_generator:lv2|blockV4X[0][6]     ; Stuck at VCC due to stuck port data_in          ;
; level2_generator:lv2|blockV4X[0][7]     ; Stuck at GND due to stuck port data_in          ;
; level2_generator:lv2|blockV4X[0][8]     ; Stuck at GND due to stuck port data_in          ;
; level2_generator:lv2|blockV4X[0][9]     ; Stuck at GND due to stuck port data_in          ;
; level2_generator:lv2|blockV3X[0][0]     ; Stuck at VCC due to stuck port data_in          ;
; level2_generator:lv2|blockV3X[0][1]     ; Stuck at VCC due to stuck port data_in          ;
; level2_generator:lv2|blockV3X[0][2]     ; Stuck at GND due to stuck port data_in          ;
; level2_generator:lv2|blockV3X[0][3]     ; Stuck at VCC due to stuck port data_in          ;
; level2_generator:lv2|blockV3X[0][4]     ; Stuck at GND due to stuck port data_in          ;
; level2_generator:lv2|blockV3X[0][5]     ; Stuck at GND due to stuck port data_in          ;
; level2_generator:lv2|blockV3X[0][6]     ; Stuck at VCC due to stuck port data_in          ;
; level2_generator:lv2|blockV3X[0][7]     ; Stuck at GND due to stuck port data_in          ;
; level2_generator:lv2|blockV3X[0][8]     ; Stuck at GND due to stuck port data_in          ;
; level2_generator:lv2|blockV3X[0][9]     ; Stuck at GND due to stuck port data_in          ;
; level2_generator:lv2|blockV2X[0][0]     ; Stuck at GND due to stuck port data_in          ;
; level2_generator:lv2|blockV2X[0][1]     ; Stuck at VCC due to stuck port data_in          ;
; level2_generator:lv2|blockV2X[0][2]     ; Stuck at GND due to stuck port data_in          ;
; level2_generator:lv2|blockV2X[0][3]     ; Stuck at VCC due to stuck port data_in          ;
; level2_generator:lv2|blockV2X[0][4]     ; Stuck at GND due to stuck port data_in          ;
; level2_generator:lv2|blockV2X[0][5]     ; Stuck at VCC due to stuck port data_in          ;
; level2_generator:lv2|blockV2X[0][6]     ; Stuck at VCC due to stuck port data_in          ;
; level2_generator:lv2|blockV2X[0][7]     ; Stuck at VCC due to stuck port data_in          ;
; level2_generator:lv2|blockV2X[0][8]     ; Stuck at VCC due to stuck port data_in          ;
; level2_generator:lv2|blockV2X[0][9]     ; Stuck at GND due to stuck port data_in          ;
; level2_generator:lv2|blockV1X[0][0]     ; Stuck at VCC due to stuck port data_in          ;
; level2_generator:lv2|blockV1X[0][1]     ; Stuck at VCC due to stuck port data_in          ;
; level2_generator:lv2|blockV1X[0][2]     ; Stuck at GND due to stuck port data_in          ;
; level2_generator:lv2|blockV1X[0][3]     ; Stuck at GND due to stuck port data_in          ;
; level2_generator:lv2|blockV1X[0][4]     ; Stuck at GND due to stuck port data_in          ;
; level2_generator:lv2|blockV1X[0][5]     ; Stuck at GND due to stuck port data_in          ;
; level2_generator:lv2|blockV1X[0][6]     ; Stuck at GND due to stuck port data_in          ;
; level2_generator:lv2|blockV1X[0][7]     ; Stuck at GND due to stuck port data_in          ;
; level2_generator:lv2|blockV1X[0][8]     ; Stuck at GND due to stuck port data_in          ;
; level2_generator:lv2|blockV1X[0][9]     ; Stuck at VCC due to stuck port data_in          ;
; level2_generator:lv2|blockH6Y[0][1]     ; Stuck at GND due to stuck port data_in          ;
; level2_generator:lv2|blockH6Y[0][2]     ; Stuck at VCC due to stuck port data_in          ;
; level2_generator:lv2|blockH6Y[0][3]     ; Stuck at GND due to stuck port data_in          ;
; level2_generator:lv2|blockH6Y[0][4]     ; Stuck at GND due to stuck port data_in          ;
; level2_generator:lv2|blockH6Y[0][5]     ; Stuck at VCC due to stuck port data_in          ;
; level2_generator:lv2|blockH6Y[0][6]     ; Stuck at VCC due to stuck port data_in          ;
; level2_generator:lv2|blockH6Y[0][7]     ; Stuck at GND due to stuck port data_in          ;
; level2_generator:lv2|blockH6Y[0][8]     ; Stuck at GND due to stuck port data_in          ;
; level2_generator:lv2|blockH5Y[0][0]     ; Stuck at VCC due to stuck port data_in          ;
; level2_generator:lv2|blockH5Y[0][1]     ; Stuck at VCC due to stuck port data_in          ;
; level2_generator:lv2|blockH5Y[0][2]     ; Stuck at GND due to stuck port data_in          ;
; level2_generator:lv2|blockH5Y[0][3]     ; Stuck at VCC due to stuck port data_in          ;
; level2_generator:lv2|blockH5Y[0][4]     ; Stuck at GND due to stuck port data_in          ;
; level2_generator:lv2|blockH5Y[0][5]     ; Stuck at GND due to stuck port data_in          ;
; level2_generator:lv2|blockH5Y[0][6]     ; Stuck at VCC due to stuck port data_in          ;
; level2_generator:lv2|blockH5Y[0][7]     ; Stuck at GND due to stuck port data_in          ;
; level2_generator:lv2|blockH5Y[0][8]     ; Stuck at GND due to stuck port data_in          ;
; level2_generator:lv2|blockH4Y[0][0]     ; Stuck at VCC due to stuck port data_in          ;
; level2_generator:lv2|blockH4Y[0][1]     ; Stuck at GND due to stuck port data_in          ;
; level2_generator:lv2|blockH4Y[0][2]     ; Stuck at VCC due to stuck port data_in          ;
; level2_generator:lv2|blockH4Y[0][3]     ; Stuck at GND due to stuck port data_in          ;
; level2_generator:lv2|blockH4Y[0][4]     ; Stuck at VCC due to stuck port data_in          ;
; level2_generator:lv2|blockH4Y[0][5]     ; Stuck at VCC due to stuck port data_in          ;
; level2_generator:lv2|blockH4Y[0][6]     ; Stuck at VCC due to stuck port data_in          ;
; level2_generator:lv2|blockH4Y[0][7]     ; Stuck at VCC due to stuck port data_in          ;
; level2_generator:lv2|blockH4Y[0][8]     ; Stuck at GND due to stuck port data_in          ;
; level2_generator:lv2|blockH3Y[0][0]     ; Stuck at GND due to stuck port data_in          ;
; level2_generator:lv2|blockH3Y[0][1]     ; Stuck at GND due to stuck port data_in          ;
; level2_generator:lv2|blockH3Y[0][2]     ; Stuck at GND due to stuck port data_in          ;
; level2_generator:lv2|blockH3Y[0][3]     ; Stuck at VCC due to stuck port data_in          ;
; level2_generator:lv2|blockH3Y[0][4]     ; Stuck at VCC due to stuck port data_in          ;
; level2_generator:lv2|blockH3Y[0][5]     ; Stuck at GND due to stuck port data_in          ;
; level2_generator:lv2|blockH3Y[0][6]     ; Stuck at GND due to stuck port data_in          ;
; level2_generator:lv2|blockH3Y[0][7]     ; Stuck at GND due to stuck port data_in          ;
; level2_generator:lv2|blockH3Y[0][8]     ; Stuck at VCC due to stuck port data_in          ;
; level2_generator:lv2|blockH2Y[0][0]     ; Stuck at VCC due to stuck port data_in          ;
; level2_generator:lv2|blockH2Y[0][1]     ; Stuck at VCC due to stuck port data_in          ;
; level2_generator:lv2|blockH2Y[0][2]     ; Stuck at GND due to stuck port data_in          ;
; level2_generator:lv2|blockH2Y[0][3]     ; Stuck at VCC due to stuck port data_in          ;
; level2_generator:lv2|blockH2Y[0][4]     ; Stuck at VCC due to stuck port data_in          ;
; level2_generator:lv2|blockH2Y[0][5]     ; Stuck at VCC due to stuck port data_in          ;
; level2_generator:lv2|blockH2Y[0][6]     ; Stuck at GND due to stuck port data_in          ;
; level2_generator:lv2|blockH2Y[0][7]     ; Stuck at GND due to stuck port data_in          ;
; level2_generator:lv2|blockH2Y[0][8]     ; Stuck at VCC due to stuck port data_in          ;
; level2_generator:lv2|blockH1Y[0][0]     ; Stuck at GND due to stuck port data_in          ;
; level2_generator:lv2|blockH1Y[0][1]     ; Stuck at VCC due to stuck port data_in          ;
; level2_generator:lv2|blockH1Y[0][2]     ; Stuck at VCC due to stuck port data_in          ;
; level2_generator:lv2|blockH1Y[0][3]     ; Stuck at VCC due to stuck port data_in          ;
; level2_generator:lv2|blockH1Y[0][4]     ; Stuck at VCC due to stuck port data_in          ;
; level2_generator:lv2|blockH1Y[0][5]     ; Stuck at GND due to stuck port data_in          ;
; level2_generator:lv2|blockH1Y[0][6]     ; Stuck at VCC due to stuck port data_in          ;
; level2_generator:lv2|blockH1Y[0][7]     ; Stuck at GND due to stuck port data_in          ;
; level2_generator:lv2|blockH1Y[0][8]     ; Stuck at VCC due to stuck port data_in          ;
; level2_generator:lv2|blockSY[0][1]      ; Stuck at GND due to stuck port data_in          ;
; level2_generator:lv2|blockSY[0][2]      ; Stuck at VCC due to stuck port data_in          ;
; level2_generator:lv2|blockSY[0][3]      ; Stuck at VCC due to stuck port data_in          ;
; level2_generator:lv2|blockSY[0][4]      ; Stuck at VCC due to stuck port data_in          ;
; level2_generator:lv2|blockSY[0][5]      ; Stuck at VCC due to stuck port data_in          ;
; level2_generator:lv2|blockSY[0][6]      ; Stuck at VCC due to stuck port data_in          ;
; level2_generator:lv2|blockSY[0][7]      ; Stuck at GND due to stuck port data_in          ;
; level2_generator:lv2|blockSY[0][8]      ; Stuck at GND due to stuck port data_in          ;
; level2_generator:lv2|blockSX[0][0]      ; Stuck at VCC due to stuck port data_in          ;
; level2_generator:lv2|blockSX[0][1]      ; Stuck at GND due to stuck port data_in          ;
; level2_generator:lv2|blockSX[0][2]      ; Stuck at VCC due to stuck port data_in          ;
; level2_generator:lv2|blockSX[0][3]      ; Stuck at GND due to stuck port data_in          ;
; level2_generator:lv2|blockSX[0][4]      ; Stuck at GND due to stuck port data_in          ;
; level2_generator:lv2|blockSX[0][5]      ; Stuck at VCC due to stuck port data_in          ;
; level2_generator:lv2|blockSX[0][6]      ; Stuck at GND due to stuck port data_in          ;
; level2_generator:lv2|blockSX[0][7]      ; Stuck at VCC due to stuck port data_in          ;
; level2_generator:lv2|blockSX[0][8]      ; Stuck at GND due to stuck port data_in          ;
; level2_generator:lv2|blockSX[0][9]      ; Stuck at GND due to stuck port data_in          ;
; level1_generator:lv1|blockS5Y[0][0]     ; Stuck at GND due to stuck port data_in          ;
; level1_generator:lv1|blockH5Y[0][0]     ; Stuck at GND due to stuck port data_in          ;
; level1_generator:lv1|blockV6X[0][0]     ; Stuck at VCC due to stuck port data_in          ;
; level1_generator:lv1|blockV6X[0][1]     ; Stuck at GND due to stuck port data_in          ;
; level1_generator:lv1|blockV6X[0][2]     ; Stuck at GND due to stuck port data_in          ;
; level1_generator:lv1|blockV6X[0][3]     ; Stuck at VCC due to stuck port data_in          ;
; level1_generator:lv1|blockV6X[0][4]     ; Stuck at VCC due to stuck port data_in          ;
; level1_generator:lv1|blockV6X[0][5]     ; Stuck at VCC due to stuck port data_in          ;
; level1_generator:lv1|blockV6X[0][6]     ; Stuck at VCC due to stuck port data_in          ;
; level1_generator:lv1|blockV6X[0][7]     ; Stuck at VCC due to stuck port data_in          ;
; level1_generator:lv1|blockV6X[0][8]     ; Stuck at VCC due to stuck port data_in          ;
; level1_generator:lv1|blockV6X[0][9]     ; Stuck at GND due to stuck port data_in          ;
; level1_generator:lv1|blockV5X[0][0]     ; Stuck at GND due to stuck port data_in          ;
; level1_generator:lv1|blockV5X[0][1]     ; Stuck at GND due to stuck port data_in          ;
; level1_generator:lv1|blockV5X[0][2]     ; Stuck at VCC due to stuck port data_in          ;
; level1_generator:lv1|blockV5X[0][3]     ; Stuck at VCC due to stuck port data_in          ;
; level1_generator:lv1|blockV5X[0][4]     ; Stuck at GND due to stuck port data_in          ;
; level1_generator:lv1|blockV5X[0][5]     ; Stuck at GND due to stuck port data_in          ;
; level1_generator:lv1|blockV5X[0][6]     ; Stuck at VCC due to stuck port data_in          ;
; level1_generator:lv1|blockV5X[0][7]     ; Stuck at VCC due to stuck port data_in          ;
; level1_generator:lv1|blockV5X[0][8]     ; Stuck at VCC due to stuck port data_in          ;
; level1_generator:lv1|blockV5X[0][9]     ; Stuck at GND due to stuck port data_in          ;
; level1_generator:lv1|blockV4X[0][0]     ; Stuck at VCC due to stuck port data_in          ;
; level1_generator:lv1|blockV4X[0][1]     ; Stuck at GND due to stuck port data_in          ;
; level1_generator:lv1|blockV4X[0][2]     ; Stuck at GND due to stuck port data_in          ;
; level1_generator:lv1|blockV4X[0][3]     ; Stuck at VCC due to stuck port data_in          ;
; level1_generator:lv1|blockV4X[0][4]     ; Stuck at VCC due to stuck port data_in          ;
; level1_generator:lv1|blockV4X[0][5]     ; Stuck at VCC due to stuck port data_in          ;
; level1_generator:lv1|blockV4X[0][6]     ; Stuck at VCC due to stuck port data_in          ;
; level1_generator:lv1|blockV4X[0][7]     ; Stuck at VCC due to stuck port data_in          ;
; level1_generator:lv1|blockV4X[0][8]     ; Stuck at VCC due to stuck port data_in          ;
; level1_generator:lv1|blockV4X[0][9]     ; Stuck at GND due to stuck port data_in          ;
; level1_generator:lv1|blockV3X[0][0]     ; Stuck at GND due to stuck port data_in          ;
; level1_generator:lv1|blockV3X[0][1]     ; Stuck at GND due to stuck port data_in          ;
; level1_generator:lv1|blockV3X[0][2]     ; Stuck at VCC due to stuck port data_in          ;
; level1_generator:lv1|blockV3X[0][3]     ; Stuck at VCC due to stuck port data_in          ;
; level1_generator:lv1|blockV3X[0][4]     ; Stuck at GND due to stuck port data_in          ;
; level1_generator:lv1|blockV3X[0][5]     ; Stuck at GND due to stuck port data_in          ;
; level1_generator:lv1|blockV3X[0][6]     ; Stuck at VCC due to stuck port data_in          ;
; level1_generator:lv1|blockV3X[0][7]     ; Stuck at VCC due to stuck port data_in          ;
; level1_generator:lv1|blockV3X[0][8]     ; Stuck at VCC due to stuck port data_in          ;
; level1_generator:lv1|blockV3X[0][9]     ; Stuck at GND due to stuck port data_in          ;
; level1_generator:lv1|blockV2X[0][0]     ; Stuck at GND due to stuck port data_in          ;
; level1_generator:lv1|blockV2X[0][1]     ; Stuck at VCC due to stuck port data_in          ;
; level1_generator:lv1|blockV2X[0][2]     ; Stuck at GND due to stuck port data_in          ;
; level1_generator:lv1|blockV2X[0][3]     ; Stuck at VCC due to stuck port data_in          ;
; level1_generator:lv1|blockV2X[0][4]     ; Stuck at VCC due to stuck port data_in          ;
; level1_generator:lv1|blockV2X[0][5]     ; Stuck at VCC due to stuck port data_in          ;
; level1_generator:lv1|blockV2X[0][6]     ; Stuck at VCC due to stuck port data_in          ;
; level1_generator:lv1|blockV2X[0][7]     ; Stuck at VCC due to stuck port data_in          ;
; level1_generator:lv1|blockV2X[0][8]     ; Stuck at GND due to stuck port data_in          ;
; level1_generator:lv1|blockV2X[0][9]     ; Stuck at GND due to stuck port data_in          ;
; level1_generator:lv1|blockV1X[0][0]     ; Stuck at VCC due to stuck port data_in          ;
; level1_generator:lv1|blockV1X[0][1]     ; Stuck at GND due to stuck port data_in          ;
; level1_generator:lv1|blockV1X[0][2]     ; Stuck at VCC due to stuck port data_in          ;
; level1_generator:lv1|blockV1X[0][3]     ; Stuck at VCC due to stuck port data_in          ;
; level1_generator:lv1|blockV1X[0][4]     ; Stuck at GND due to stuck port data_in          ;
; level1_generator:lv1|blockV1X[0][5]     ; Stuck at GND due to stuck port data_in          ;
; level1_generator:lv1|blockV1X[0][6]     ; Stuck at VCC due to stuck port data_in          ;
; level1_generator:lv1|blockV1X[0][7]     ; Stuck at VCC due to stuck port data_in          ;
; level1_generator:lv1|blockV1X[0][8]     ; Stuck at GND due to stuck port data_in          ;
; level1_generator:lv1|blockV1X[0][9]     ; Stuck at GND due to stuck port data_in          ;
; level1_generator:lv1|blockH5Y[0][1]     ; Stuck at GND due to stuck port data_in          ;
; level1_generator:lv1|blockH5Y[0][2]     ; Stuck at GND due to stuck port data_in          ;
; level1_generator:lv1|blockH5Y[0][3]     ; Stuck at VCC due to stuck port data_in          ;
; level1_generator:lv1|blockH5Y[0][4]     ; Stuck at VCC due to stuck port data_in          ;
; level1_generator:lv1|blockH5Y[0][5]     ; Stuck at VCC due to stuck port data_in          ;
; level1_generator:lv1|blockH5Y[0][6]     ; Stuck at VCC due to stuck port data_in          ;
; level1_generator:lv1|blockH5Y[0][7]     ; Stuck at GND due to stuck port data_in          ;
; level1_generator:lv1|blockH5Y[0][8]     ; Stuck at GND due to stuck port data_in          ;
; level1_generator:lv1|blockH4Y[0][0]     ; Stuck at GND due to stuck port data_in          ;
; level1_generator:lv1|blockH4Y[0][1]     ; Stuck at GND due to stuck port data_in          ;
; level1_generator:lv1|blockH4Y[0][2]     ; Stuck at VCC due to stuck port data_in          ;
; level1_generator:lv1|blockH4Y[0][3]     ; Stuck at VCC due to stuck port data_in          ;
; level1_generator:lv1|blockH4Y[0][4]     ; Stuck at GND due to stuck port data_in          ;
; level1_generator:lv1|blockH4Y[0][5]     ; Stuck at VCC due to stuck port data_in          ;
; level1_generator:lv1|blockH4Y[0][6]     ; Stuck at GND due to stuck port data_in          ;
; level1_generator:lv1|blockH4Y[0][7]     ; Stuck at GND due to stuck port data_in          ;
; level1_generator:lv1|blockH4Y[0][8]     ; Stuck at VCC due to stuck port data_in          ;
; level1_generator:lv1|blockH3Y[0][0]     ; Stuck at GND due to stuck port data_in          ;
; level1_generator:lv1|blockH3Y[0][1]     ; Stuck at GND due to stuck port data_in          ;
; level1_generator:lv1|blockH3Y[0][2]     ; Stuck at VCC due to stuck port data_in          ;
; level1_generator:lv1|blockH3Y[0][3]     ; Stuck at GND due to stuck port data_in          ;
; level1_generator:lv1|blockH3Y[0][4]     ; Stuck at VCC due to stuck port data_in          ;
; level1_generator:lv1|blockH3Y[0][5]     ; Stuck at GND due to stuck port data_in          ;
; level1_generator:lv1|blockH3Y[0][6]     ; Stuck at VCC due to stuck port data_in          ;
; level1_generator:lv1|blockH3Y[0][7]     ; Stuck at GND due to stuck port data_in          ;
; level1_generator:lv1|blockH3Y[0][8]     ; Stuck at VCC due to stuck port data_in          ;
; level1_generator:lv1|blockH2Y[0][0]     ; Stuck at GND due to stuck port data_in          ;
; level1_generator:lv1|blockH2Y[0][1]     ; Stuck at VCC due to stuck port data_in          ;
; level1_generator:lv1|blockH2Y[0][2]     ; Stuck at GND due to stuck port data_in          ;
; level1_generator:lv1|blockH2Y[0][3]     ; Stuck at GND due to stuck port data_in          ;
; level1_generator:lv1|blockH2Y[0][4]     ; Stuck at VCC due to stuck port data_in          ;
; level1_generator:lv1|blockH2Y[0][5]     ; Stuck at GND due to stuck port data_in          ;
; level1_generator:lv1|blockH2Y[0][6]     ; Stuck at VCC due to stuck port data_in          ;
; level1_generator:lv1|blockH2Y[0][7]     ; Stuck at VCC due to stuck port data_in          ;
; level1_generator:lv1|blockH2Y[0][8]     ; Stuck at GND due to stuck port data_in          ;
; level1_generator:lv1|blockH1Y[0][0]     ; Stuck at VCC due to stuck port data_in          ;
; level1_generator:lv1|blockH1Y[0][1]     ; Stuck at GND due to stuck port data_in          ;
; level1_generator:lv1|blockH1Y[0][2]     ; Stuck at VCC due to stuck port data_in          ;
; level1_generator:lv1|blockH1Y[0][3]     ; Stuck at GND due to stuck port data_in          ;
; level1_generator:lv1|blockH1Y[0][4]     ; Stuck at GND due to stuck port data_in          ;
; level1_generator:lv1|blockH1Y[0][5]     ; Stuck at VCC due to stuck port data_in          ;
; level1_generator:lv1|blockH1Y[0][6]     ; Stuck at GND due to stuck port data_in          ;
; level1_generator:lv1|blockH1Y[0][7]     ; Stuck at VCC due to stuck port data_in          ;
; level1_generator:lv1|blockH1Y[0][8]     ; Stuck at GND due to stuck port data_in          ;
; level1_generator:lv1|blockS5Y[0][1]     ; Stuck at VCC due to stuck port data_in          ;
; level1_generator:lv1|blockS5Y[0][2]     ; Stuck at VCC due to stuck port data_in          ;
; level1_generator:lv1|blockS5Y[0][3]     ; Stuck at GND due to stuck port data_in          ;
; level1_generator:lv1|blockS5Y[0][4]     ; Stuck at GND due to stuck port data_in          ;
; level1_generator:lv1|blockS5Y[0][5]     ; Stuck at GND due to stuck port data_in          ;
; level1_generator:lv1|blockS5Y[0][6]     ; Stuck at VCC due to stuck port data_in          ;
; level1_generator:lv1|blockS5Y[0][7]     ; Stuck at GND due to stuck port data_in          ;
; level1_generator:lv1|blockS5Y[0][8]     ; Stuck at GND due to stuck port data_in          ;
; level1_generator:lv1|blockS5X[0][0]     ; Stuck at VCC due to stuck port data_in          ;
; level1_generator:lv1|blockS5X[0][1]     ; Stuck at VCC due to stuck port data_in          ;
; level1_generator:lv1|blockS5X[0][2]     ; Stuck at VCC due to stuck port data_in          ;
; level1_generator:lv1|blockS5X[0][3]     ; Stuck at GND due to stuck port data_in          ;
; level1_generator:lv1|blockS5X[0][4]     ; Stuck at GND due to stuck port data_in          ;
; level1_generator:lv1|blockS5X[0][5]     ; Stuck at GND due to stuck port data_in          ;
; level1_generator:lv1|blockS5X[0][6]     ; Stuck at VCC due to stuck port data_in          ;
; level1_generator:lv1|blockS5X[0][7]     ; Stuck at VCC due to stuck port data_in          ;
; level1_generator:lv1|blockS5X[0][8]     ; Stuck at VCC due to stuck port data_in          ;
; level1_generator:lv1|blockS5X[0][9]     ; Stuck at GND due to stuck port data_in          ;
; level1_generator:lv1|blockS4Y[0][0]     ; Stuck at GND due to stuck port data_in          ;
; level1_generator:lv1|blockS4Y[0][1]     ; Stuck at VCC due to stuck port data_in          ;
; level1_generator:lv1|blockS4Y[0][2]     ; Stuck at GND due to stuck port data_in          ;
; level1_generator:lv1|blockS4Y[0][3]     ; Stuck at GND due to stuck port data_in          ;
; level1_generator:lv1|blockS4Y[0][4]     ; Stuck at GND due to stuck port data_in          ;
; level1_generator:lv1|blockS4Y[0][5]     ; Stuck at VCC due to stuck port data_in          ;
; level1_generator:lv1|blockS4Y[0][6]     ; Stuck at GND due to stuck port data_in          ;
; level1_generator:lv1|blockS4Y[0][7]     ; Stuck at GND due to stuck port data_in          ;
; level1_generator:lv1|blockS4Y[0][8]     ; Stuck at VCC due to stuck port data_in          ;
; level1_generator:lv1|blockS4X[0][0]     ; Stuck at VCC due to stuck port data_in          ;
; level1_generator:lv1|blockS4X[0][1]     ; Stuck at VCC due to stuck port data_in          ;
; level1_generator:lv1|blockS4X[0][2]     ; Stuck at VCC due to stuck port data_in          ;
; level1_generator:lv1|blockS4X[0][3]     ; Stuck at GND due to stuck port data_in          ;
; level1_generator:lv1|blockS4X[0][4]     ; Stuck at GND due to stuck port data_in          ;
; level1_generator:lv1|blockS4X[0][5]     ; Stuck at GND due to stuck port data_in          ;
; level1_generator:lv1|blockS4X[0][6]     ; Stuck at VCC due to stuck port data_in          ;
; level1_generator:lv1|blockS4X[0][7]     ; Stuck at VCC due to stuck port data_in          ;
; level1_generator:lv1|blockS4X[0][8]     ; Stuck at VCC due to stuck port data_in          ;
; level1_generator:lv1|blockS4X[0][9]     ; Stuck at GND due to stuck port data_in          ;
; level1_generator:lv1|blockS3Y[0][0]     ; Stuck at VCC due to stuck port data_in          ;
; level1_generator:lv1|blockS3Y[0][1]     ; Stuck at VCC due to stuck port data_in          ;
; level1_generator:lv1|blockS3Y[0][2]     ; Stuck at GND due to stuck port data_in          ;
; level1_generator:lv1|blockS3Y[0][3]     ; Stuck at VCC due to stuck port data_in          ;
; level1_generator:lv1|blockS3Y[0][4]     ; Stuck at GND due to stuck port data_in          ;
; level1_generator:lv1|blockS3Y[0][5]     ; Stuck at GND due to stuck port data_in          ;
; level1_generator:lv1|blockS3Y[0][6]     ; Stuck at VCC due to stuck port data_in          ;
; level1_generator:lv1|blockS3Y[0][7]     ; Stuck at GND due to stuck port data_in          ;
; level1_generator:lv1|blockS3Y[0][8]     ; Stuck at VCC due to stuck port data_in          ;
; level1_generator:lv1|blockS3X[0][0]     ; Stuck at GND due to stuck port data_in          ;
; level1_generator:lv1|blockS3X[0][1]     ; Stuck at GND due to stuck port data_in          ;
; level1_generator:lv1|blockS3X[0][2]     ; Stuck at GND due to stuck port data_in          ;
; level1_generator:lv1|blockS3X[0][3]     ; Stuck at VCC due to stuck port data_in          ;
; level1_generator:lv1|blockS3X[0][4]     ; Stuck at GND due to stuck port data_in          ;
; level1_generator:lv1|blockS3X[0][5]     ; Stuck at GND due to stuck port data_in          ;
; level1_generator:lv1|blockS3X[0][6]     ; Stuck at VCC due to stuck port data_in          ;
; level1_generator:lv1|blockS3X[0][7]     ; Stuck at VCC due to stuck port data_in          ;
; level1_generator:lv1|blockS3X[0][8]     ; Stuck at GND due to stuck port data_in          ;
; level1_generator:lv1|blockS3X[0][9]     ; Stuck at GND due to stuck port data_in          ;
; level1_generator:lv1|blockS2Y[0][0]     ; Stuck at VCC due to stuck port data_in          ;
; level1_generator:lv1|blockS2Y[0][1]     ; Stuck at VCC due to stuck port data_in          ;
; level1_generator:lv1|blockS2Y[0][2]     ; Stuck at GND due to stuck port data_in          ;
; level1_generator:lv1|blockS2Y[0][3]     ; Stuck at VCC due to stuck port data_in          ;
; level1_generator:lv1|blockS2Y[0][4]     ; Stuck at VCC due to stuck port data_in          ;
; level1_generator:lv1|blockS2Y[0][5]     ; Stuck at GND due to stuck port data_in          ;
; level1_generator:lv1|blockS2Y[0][6]     ; Stuck at GND due to stuck port data_in          ;
; level1_generator:lv1|blockS2Y[0][7]     ; Stuck at VCC due to stuck port data_in          ;
; level1_generator:lv1|blockS2Y[0][8]     ; Stuck at GND due to stuck port data_in          ;
; level1_generator:lv1|blockS2X[0][0]     ; Stuck at GND due to stuck port data_in          ;
; level1_generator:lv1|blockS2X[0][1]     ; Stuck at GND due to stuck port data_in          ;
; level1_generator:lv1|blockS2X[0][2]     ; Stuck at GND due to stuck port data_in          ;
; level1_generator:lv1|blockS2X[0][3]     ; Stuck at VCC due to stuck port data_in          ;
; level1_generator:lv1|blockS2X[0][4]     ; Stuck at GND due to stuck port data_in          ;
; level1_generator:lv1|blockS2X[0][5]     ; Stuck at GND due to stuck port data_in          ;
; level1_generator:lv1|blockS2X[0][6]     ; Stuck at VCC due to stuck port data_in          ;
; level1_generator:lv1|blockS2X[0][7]     ; Stuck at VCC due to stuck port data_in          ;
; level1_generator:lv1|blockS2X[0][8]     ; Stuck at GND due to stuck port data_in          ;
; level1_generator:lv1|blockS2X[0][9]     ; Stuck at GND due to stuck port data_in          ;
; level1_generator:lv1|blockS1Y[0][0]     ; Stuck at GND due to stuck port data_in          ;
; level1_generator:lv1|blockS1Y[0][1]     ; Stuck at VCC due to stuck port data_in          ;
; level1_generator:lv1|blockS1Y[0][2]     ; Stuck at VCC due to stuck port data_in          ;
; level1_generator:lv1|blockS1Y[0][3]     ; Stuck at GND due to stuck port data_in          ;
; level1_generator:lv1|blockS1Y[0][4]     ; Stuck at GND due to stuck port data_in          ;
; level1_generator:lv1|blockS1Y[0][5]     ; Stuck at GND due to stuck port data_in          ;
; level1_generator:lv1|blockS1Y[0][6]     ; Stuck at VCC due to stuck port data_in          ;
; level1_generator:lv1|blockS1Y[0][7]     ; Stuck at GND due to stuck port data_in          ;
; level1_generator:lv1|blockS1Y[0][8]     ; Stuck at GND due to stuck port data_in          ;
; level1_generator:lv1|blockS1X[0][0]     ; Stuck at GND due to stuck port data_in          ;
; level1_generator:lv1|blockS1X[0][1]     ; Stuck at VCC due to stuck port data_in          ;
; level1_generator:lv1|blockS1X[0][2]     ; Stuck at VCC due to stuck port data_in          ;
; level1_generator:lv1|blockS1X[0][3]     ; Stuck at GND due to stuck port data_in          ;
; level1_generator:lv1|blockS1X[0][4]     ; Stuck at GND due to stuck port data_in          ;
; level1_generator:lv1|blockS1X[0][5]     ; Stuck at GND due to stuck port data_in          ;
; level1_generator:lv1|blockS1X[0][6]     ; Stuck at VCC due to stuck port data_in          ;
; level1_generator:lv1|blockS1X[0][7]     ; Stuck at GND due to stuck port data_in          ;
; level1_generator:lv1|blockS1X[0][8]     ; Stuck at GND due to stuck port data_in          ;
; level1_generator:lv1|blockS1X[0][9]     ; Stuck at GND due to stuck port data_in          ;
; level0_generator:lv0|blockSY[0][2]      ; Stuck at VCC due to stuck port data_in          ;
; level0_generator:lv0|blockSY[0][1]      ; Stuck at GND due to stuck port data_in          ;
; level0_generator:lv0|blockSY[0][0]      ; Stuck at GND due to stuck port data_in          ;
; level0_generator:lv0|blockHY[0][0]      ; Stuck at VCC due to stuck port data_in          ;
; level0_generator:lv0|blockSY[0][3]      ; Stuck at GND due to stuck port data_in          ;
; level0_generator:lv0|blockSY[0][4]      ; Stuck at GND due to stuck port data_in          ;
; level0_generator:lv0|blockSY[0][5]      ; Stuck at VCC due to stuck port data_in          ;
; level0_generator:lv0|blockSY[0][6]      ; Stuck at VCC due to stuck port data_in          ;
; level0_generator:lv0|blockSY[0][7]      ; Stuck at GND due to stuck port data_in          ;
; level0_generator:lv0|blockSY[0][8]      ; Stuck at GND due to stuck port data_in          ;
; level0_generator:lv0|blockSX[0][0]      ; Stuck at VCC due to stuck port data_in          ;
; level0_generator:lv0|blockSX[0][1]      ; Stuck at VCC due to stuck port data_in          ;
; level0_generator:lv0|blockSX[0][2]      ; Stuck at GND due to stuck port data_in          ;
; level0_generator:lv0|blockSX[0][3]      ; Stuck at GND due to stuck port data_in          ;
; level0_generator:lv0|blockSX[0][4]      ; Stuck at GND due to stuck port data_in          ;
; level0_generator:lv0|blockSX[0][5]      ; Stuck at GND due to stuck port data_in          ;
; level0_generator:lv0|blockSX[0][6]      ; Stuck at GND due to stuck port data_in          ;
; level0_generator:lv0|blockSX[0][7]      ; Stuck at GND due to stuck port data_in          ;
; level0_generator:lv0|blockSX[0][8]      ; Stuck at GND due to stuck port data_in          ;
; level0_generator:lv0|blockSX[0][9]      ; Stuck at VCC due to stuck port data_in          ;
; level0_generator:lv0|blockHY[0][1]      ; Stuck at GND due to stuck port data_in          ;
; level0_generator:lv0|blockHY[0][2]      ; Stuck at GND due to stuck port data_in          ;
; level0_generator:lv0|blockHY[0][3]      ; Stuck at VCC due to stuck port data_in          ;
; level0_generator:lv0|blockHY[0][4]      ; Stuck at VCC due to stuck port data_in          ;
; level0_generator:lv0|blockHY[0][5]      ; Stuck at VCC due to stuck port data_in          ;
; level0_generator:lv0|blockHY[0][6]      ; Stuck at VCC due to stuck port data_in          ;
; level0_generator:lv0|blockHY[0][7]      ; Stuck at VCC due to stuck port data_in          ;
; level0_generator:lv0|blockHY[0][8]      ; Stuck at GND due to stuck port data_in          ;
; level0_generator:lv0|blockVX[0][0]      ; Stuck at GND due to stuck port data_in          ;
; level0_generator:lv0|blockVX[0][1]      ; Stuck at GND due to stuck port data_in          ;
; level0_generator:lv0|blockVX[0][2]      ; Stuck at VCC due to stuck port data_in          ;
; level0_generator:lv0|blockVX[0][3]      ; Stuck at VCC due to stuck port data_in          ;
; level0_generator:lv0|blockVX[0][4]      ; Stuck at GND due to stuck port data_in          ;
; level0_generator:lv0|blockVX[0][5]      ; Stuck at VCC due to stuck port data_in          ;
; level0_generator:lv0|blockVX[0][6]      ; Stuck at GND due to stuck port data_in          ;
; level0_generator:lv0|blockVX[0][7]      ; Stuck at GND due to stuck port data_in          ;
; level0_generator:lv0|blockVX[0][8]      ; Stuck at VCC due to stuck port data_in          ;
; level0_generator:lv0|blockVX[0][9]      ; Stuck at GND due to stuck port data_in          ;
; player_movement:move|playerY[0][0]      ; Stuck at VCC due to stuck port data_in          ;
; player_movement:move|playerY[0][1]      ; Stuck at GND due to stuck port data_in          ;
; player_movement:move|playerX[0][0]      ; Stuck at VCC due to stuck port data_in          ;
; player_movement:move|playerX[0][1]      ; Stuck at VCC due to stuck port data_in          ;
; text:words|lvone1                       ; Merged with text:words|lvnon1                   ;
; level2_generator:lv2|blockH6X[0][1]     ; Merged with level2_generator:lv2|blockH6X[0][0] ;
; player_movement:move|S~2                ; Lost fanout                                     ;
; player_movement:move|S~3                ; Lost fanout                                     ;
; Total Number of Removed Registers = 407 ;                                                 ;
+-----------------------------------------+-------------------------------------------------+


+------------------------------------------------------+
; General Register Statistics                          ;
+----------------------------------------------+-------+
; Statistic                                    ; Value ;
+----------------------------------------------+-------+
; Total registers                              ; 408   ;
; Number of registers using Synchronous Clear  ; 7     ;
; Number of registers using Synchronous Load   ; 77    ;
; Number of registers using Asynchronous Clear ; 0     ;
; Number of registers using Asynchronous Load  ; 0     ;
; Number of registers using Clock Enable       ; 199   ;
; Number of registers using Preset             ; 0     ;
+----------------------------------------------+-------+


+--------------------------------------------------------------------------------------------------------------------------------------------------------------+
; Multiplexer Restructuring Statistics (Restructuring Performed)                                                                                               ;
+--------------------+-----------+---------------+----------------------+------------------------+------------+------------------------------------------------+
; Multiplexer Inputs ; Bus Width ; Baseline Area ; Area if Restructured ; Saving if Restructured ; Registered ; Example Multiplexer Output                     ;
+--------------------+-----------+---------------+----------------------+------------------------+------------+------------------------------------------------+
; 3:1                ; 7 bits    ; 14 LEs        ; 7 LEs                ; 7 LEs                  ; Yes        ; |blockGame|player_movement:move|playerY[0][3]  ;
; 3:1                ; 10 bits   ; 20 LEs        ; 20 LEs               ; 0 LEs                  ; Yes        ; |blockGame|level0_generator:lv0|blockHX[0][2]  ;
; 3:1                ; 8 bits    ; 16 LEs        ; 8 LEs                ; 8 LEs                  ; Yes        ; |blockGame|player_movement:move|playerX[0][9]  ;
; 3:1                ; 9 bits    ; 18 LEs        ; 18 LEs               ; 0 LEs                  ; Yes        ; |blockGame|level0_generator:lv0|blockVY[0][6]  ;
; 4:1                ; 10 bits   ; 20 LEs        ; 10 LEs               ; 10 LEs                 ; Yes        ; |blockGame|level2_generator:lv2|blockH1X[0][2] ;
; 4:1                ; 10 bits   ; 20 LEs        ; 10 LEs               ; 10 LEs                 ; Yes        ; |blockGame|level1_generator:lv1|blockH1X[0][6] ;
; 4:1                ; 9 bits    ; 18 LEs        ; 9 LEs                ; 9 LEs                  ; Yes        ; |blockGame|level2_generator:lv2|blockV1Y[0][4] ;
; 4:1                ; 9 bits    ; 18 LEs        ; 9 LEs                ; 9 LEs                  ; Yes        ; |blockGame|level1_generator:lv1|blockV1Y[0][8] ;
; 3:1                ; 9 bits    ; 18 LEs        ; 18 LEs               ; 0 LEs                  ; Yes        ; |blockGame|blocks[9]                           ;
; 3:1                ; 3 bits    ; 6 LEs         ; 6 LEs                ; 0 LEs                  ; Yes        ; |blockGame|blocks[1]                           ;
; 4:1                ; 8 bits    ; 16 LEs        ; 8 LEs                ; 8 LEs                  ; Yes        ; |blockGame|level2_generator:lv2|blockH6X[0][3] ;
; 4:1                ; 10 bits   ; 20 LEs        ; 10 LEs               ; 10 LEs                 ; Yes        ; |blockGame|level1_generator:lv1|blockH5X[0][7] ;
; 4:1                ; 9 bits    ; 18 LEs        ; 9 LEs                ; 9 LEs                  ; Yes        ; |blockGame|level2_generator:lv2|blockV5Y[0][6] ;
; 4:1                ; 9 bits    ; 18 LEs        ; 9 LEs                ; 9 LEs                  ; Yes        ; |blockGame|level1_generator:lv1|blockV6Y[0][0] ;
; 5:1                ; 9 bits    ; 27 LEs        ; 9 LEs                ; 18 LEs                 ; Yes        ; |blockGame|level2_generator:lv2|blockH4X[0][3] ;
; 5:1                ; 9 bits    ; 27 LEs        ; 9 LEs                ; 18 LEs                 ; Yes        ; |blockGame|level2_generator:lv2|blockH3X[0][5] ;
; 5:1                ; 9 bits    ; 27 LEs        ; 9 LEs                ; 18 LEs                 ; Yes        ; |blockGame|level2_generator:lv2|blockH2X[0][7] ;
; 5:1                ; 10 bits   ; 30 LEs        ; 10 LEs               ; 20 LEs                 ; Yes        ; |blockGame|level1_generator:lv1|blockH3X[0][8] ;
; 5:1                ; 10 bits   ; 30 LEs        ; 10 LEs               ; 20 LEs                 ; Yes        ; |blockGame|level1_generator:lv1|blockH2X[0][7] ;
; 5:1                ; 9 bits    ; 27 LEs        ; 9 LEs                ; 18 LEs                 ; Yes        ; |blockGame|level2_generator:lv2|blockV3Y[0][8] ;
; 5:1                ; 9 bits    ; 27 LEs        ; 9 LEs                ; 18 LEs                 ; Yes        ; |blockGame|level2_generator:lv2|blockV2Y[0][1] ;
; 5:1                ; 9 bits    ; 27 LEs        ; 9 LEs                ; 18 LEs                 ; Yes        ; |blockGame|level1_generator:lv1|blockV4Y[0][3] ;
; 5:1                ; 9 bits    ; 27 LEs        ; 9 LEs                ; 18 LEs                 ; Yes        ; |blockGame|level1_generator:lv1|blockV3Y[0][2] ;
; 5:1                ; 9 bits    ; 27 LEs        ; 9 LEs                ; 18 LEs                 ; Yes        ; |blockGame|level1_generator:lv1|blockV2Y[0][5] ;
; 5:1                ; 10 bits   ; 30 LEs        ; 10 LEs               ; 20 LEs                 ; Yes        ; |blockGame|level2_generator:lv2|blockH5X[0][8] ;
; 5:1                ; 10 bits   ; 30 LEs        ; 10 LEs               ; 20 LEs                 ; Yes        ; |blockGame|level1_generator:lv1|blockH4X[0][8] ;
; 5:1                ; 9 bits    ; 27 LEs        ; 9 LEs                ; 18 LEs                 ; Yes        ; |blockGame|level2_generator:lv2|blockV4Y[0][5] ;
; 5:1                ; 9 bits    ; 27 LEs        ; 9 LEs                ; 18 LEs                 ; Yes        ; |blockGame|level1_generator:lv1|blockV5Y[0][5] ;
+--------------------+-----------+---------------+----------------------+------------------------+------------+------------------------------------------------+


+-----------------------------------------------------+
; Post-Synthesis Netlist Statistics for Top Partition ;
+-----------------------+-----------------------------+
; Type                  ; Count                       ;
+-----------------------+-----------------------------+
; boundary_port         ; 36                          ;
; cycloneiii_ff         ; 408                         ;
;     ENA               ; 148                         ;
;     ENA SLD           ; 51                          ;
;     SCLR              ; 7                           ;
;     SLD               ; 26                          ;
;     plain             ; 176                         ;
; cycloneiii_lcell_comb ; 1748                        ;
;     arith             ; 867                         ;
;         2 data inputs ; 398                         ;
;         3 data inputs ; 469                         ;
;     normal            ; 881                         ;
;         0 data inputs ; 14                          ;
;         1 data inputs ; 44                          ;
;         2 data inputs ; 193                         ;
;         3 data inputs ; 175                         ;
;         4 data inputs ; 455                         ;
;                       ;                             ;
; Max LUT depth         ; 7.00                        ;
; Average LUT depth     ; 3.49                        ;
+-----------------------+-----------------------------+


+-------------------------------+
; Elapsed Time Per Partition    ;
+----------------+--------------+
; Partition Name ; Elapsed Time ;
+----------------+--------------+
; Top            ; 00:00:02     ;
+----------------+--------------+


+-------------------------------+
; Analysis & Synthesis Messages ;
+-------------------------------+
Info: *******************************************************************
Info: Running Quartus Prime Analysis & Synthesis
    Info: Version 16.1.0 Build 196 10/24/2016 SJ Lite Edition
    Info: Processing started: Fri Dec 06 13:41:14 2019
Info: Command: quartus_map --read_settings_files=on --write_settings_files=off blockGame -c blockGame
Warning (18236): Number of processors has not been specified which may cause overloading on shared machines.  Set the global assignment NUM_PARALLEL_PROCESSORS in your QSF to an appropriate value for best performance.
Info (20030): Parallel compilation is enabled and will use 4 of the 4 processors detected
Info (12021): Found 1 design units, including 1 entities, in source file blockgame.v
    Info (12023): Found entity 1: blockGame File: M:/ECE-287/Final/blockGame.v Line: 1
Warning (12019): Can't analyze file -- file Verilog2.v is missing
Info (12021): Found 1 design units, including 1 entities, in source file level0_generator.v
    Info (12023): Found entity 1: level0_generator File: M:/ECE-287/Final/level0_generator.v Line: 1
Info (12021): Found 1 design units, including 1 entities, in source file level1_generator.v
    Info (12023): Found entity 1: level1_generator File: M:/ECE-287/Final/level1_generator.v Line: 1
Info (12021): Found 1 design units, including 1 entities, in source file level2_generator.v
    Info (12023): Found entity 1: level2_generator File: M:/ECE-287/Final/level2_generator.v Line: 1
Info (12021): Found 1 design units, including 1 entities, in source file clock_converter.v
    Info (12023): Found entity 1: clock_converter File: M:/ECE-287/Final/clock_converter.v Line: 1
Info (12021): Found 1 design units, including 1 entities, in source file collision.v
    Info (12023): Found entity 1: collision File: M:/ECE-287/Final/collision.v Line: 1
Info (12021): Found 1 design units, including 1 entities, in source file text.v
    Info (12023): Found entity 1: text File: M:/ECE-287/Final/text.v Line: 1
Info (12021): Found 1 design units, including 1 entities, in source file vga_controller.v
    Info (12023): Found entity 1: VGA_Controller File: M:/ECE-287/Final/VGA_Controller.v Line: 1
Info (12127): Elaborating entity "blockGame" for the top level hierarchy
Info (12128): Elaborating entity "clock_converter" for hierarchy "clock_converter:clocks" File: M:/ECE-287/Final/blockGame.v Line: 9
Warning (12125): Using design file player_movement.v, which is not specified as a design file for the current project, but contains definitions for 1 design units and 1 entities in project
    Info (12023): Found entity 1: player_movement File: M:/ECE-287/Final/player_movement.v Line: 1
Info (12128): Elaborating entity "player_movement" for hierarchy "player_movement:move" File: M:/ECE-287/Final/blockGame.v Line: 14
Info (12128): Elaborating entity "level0_generator" for hierarchy "level0_generator:lv0" File: M:/ECE-287/Final/blockGame.v Line: 18
Warning (10034): Output port "blocks[15..3]" at level0_generator.v(10) has no driver File: M:/ECE-287/Final/level0_generator.v Line: 10
Info (12128): Elaborating entity "level1_generator" for hierarchy "level1_generator:lv1" File: M:/ECE-287/Final/blockGame.v Line: 19
Warning (10230): Verilog HDL assignment warning at level1_generator.v(189): truncated value with size 10 to match size of target (9) File: M:/ECE-287/Final/level1_generator.v Line: 189
Warning (10230): Verilog HDL assignment warning at level1_generator.v(191): truncated value with size 10 to match size of target (9) File: M:/ECE-287/Final/level1_generator.v Line: 191
Warning (10230): Verilog HDL assignment warning at level1_generator.v(193): truncated value with size 10 to match size of target (9) File: M:/ECE-287/Final/level1_generator.v Line: 193
Warning (10230): Verilog HDL assignment warning at level1_generator.v(195): truncated value with size 10 to match size of target (9) File: M:/ECE-287/Final/level1_generator.v Line: 195
Warning (10230): Verilog HDL assignment warning at level1_generator.v(197): truncated value with size 10 to match size of target (9) File: M:/ECE-287/Final/level1_generator.v Line: 197
Warning (10230): Verilog HDL assignment warning at level1_generator.v(199): truncated value with size 10 to match size of target (9) File: M:/ECE-287/Final/level1_generator.v Line: 199
Warning (10230): Verilog HDL assignment warning at level1_generator.v(203): truncated value with size 10 to match size of target (9) File: M:/ECE-287/Final/level1_generator.v Line: 203
Warning (10230): Verilog HDL assignment warning at level1_generator.v(204): truncated value with size 10 to match size of target (9) File: M:/ECE-287/Final/level1_generator.v Line: 204
Warning (10230): Verilog HDL assignment warning at level1_generator.v(205): truncated value with size 10 to match size of target (9) File: M:/ECE-287/Final/level1_generator.v Line: 205
Warning (10230): Verilog HDL assignment warning at level1_generator.v(206): truncated value with size 10 to match size of target (9) File: M:/ECE-287/Final/level1_generator.v Line: 206
Warning (10230): Verilog HDL assignment warning at level1_generator.v(207): truncated value with size 10 to match size of target (9) File: M:/ECE-287/Final/level1_generator.v Line: 207
Warning (10230): Verilog HDL assignment warning at level1_generator.v(208): truncated value with size 10 to match size of target (9) File: M:/ECE-287/Final/level1_generator.v Line: 208
Info (12128): Elaborating entity "level2_generator" for hierarchy "level2_generator:lv2" File: M:/ECE-287/Final/blockGame.v Line: 20
Warning (10230): Verilog HDL assignment warning at level2_generator.v(167): truncated value with size 10 to match size of target (9) File: M:/ECE-287/Final/level2_generator.v Line: 167
Warning (10230): Verilog HDL assignment warning at level2_generator.v(169): truncated value with size 10 to match size of target (9) File: M:/ECE-287/Final/level2_generator.v Line: 169
Warning (10230): Verilog HDL assignment warning at level2_generator.v(171): truncated value with size 10 to match size of target (9) File: M:/ECE-287/Final/level2_generator.v Line: 171
Warning (10230): Verilog HDL assignment warning at level2_generator.v(173): truncated value with size 10 to match size of target (9) File: M:/ECE-287/Final/level2_generator.v Line: 173
Warning (10230): Verilog HDL assignment warning at level2_generator.v(175): truncated value with size 10 to match size of target (9) File: M:/ECE-287/Final/level2_generator.v Line: 175
Warning (10230): Verilog HDL assignment warning at level2_generator.v(178): truncated value with size 10 to match size of target (9) File: M:/ECE-287/Final/level2_generator.v Line: 178
Warning (10230): Verilog HDL assignment warning at level2_generator.v(179): truncated value with size 10 to match size of target (9) File: M:/ECE-287/Final/level2_generator.v Line: 179
Warning (10230): Verilog HDL assignment warning at level2_generator.v(180): truncated value with size 10 to match size of target (9) File: M:/ECE-287/Final/level2_generator.v Line: 180
Warning (10230): Verilog HDL assignment warning at level2_generator.v(181): truncated value with size 10 to match size of target (9) File: M:/ECE-287/Final/level2_generator.v Line: 181
Warning (10230): Verilog HDL assignment warning at level2_generator.v(182): truncated value with size 10 to match size of target (9) File: M:/ECE-287/Final/level2_generator.v Line: 182
Warning (10034): Output port "blocks[15..12]" at level2_generator.v(10) has no driver File: M:/ECE-287/Final/level2_generator.v Line: 10
Info (12128): Elaborating entity "collision" for hierarchy "collision:WL" File: M:/ECE-287/Final/blockGame.v Line: 39
Info (12128): Elaborating entity "text" for hierarchy "text:words" File: M:/ECE-287/Final/blockGame.v Line: 72
Info (12128): Elaborating entity "VGA_Controller" for hierarchy "VGA_Controller:VGA" File: M:/ECE-287/Final/blockGame.v Line: 80
Info (286030): Timing-Driven Synthesis is running
Info (17049): 2 registers lost all their fanouts during netlist optimizations.
Info (144001): Generated suppressed messages file M:/ECE-287/Final/output_files/blockGame.map.smsg
Info (16010): Generating hard_block partition "hard_block:auto_generated_inst"
    Info (16011): Adding 0 node(s), including 0 DDIO, 0 PLL, 0 transceiver and 0 LCELL
Info (21057): Implemented 1807 device resources after synthesis - the final resource count might be different
    Info (21058): Implemented 8 input pins
    Info (21059): Implemented 28 output pins
    Info (21061): Implemented 1771 logic cells
Info: Quartus Prime Analysis & Synthesis was successful. 0 errors, 27 warnings
    Info: Peak virtual memory: 4799 megabytes
    Info: Processing ended: Fri Dec 06 13:41:27 2019
    Info: Elapsed time: 00:00:13
    Info: Total CPU time (on all processors): 00:00:20


+------------------------------------------+
; Analysis & Synthesis Suppressed Messages ;
+------------------------------------------+
The suppressed messages can be found in M:/ECE-287/Final/output_files/blockGame.map.smsg.


